// Jest Snapshot v1, https://goo.gl/fbAQLP

exports[`renders correctly 1`] = `
<div
  className="col"
  style={
    Object {
      "paddingTop": 50,
      "textAlign": "center",
    }
  }
>
  <span
    aria-hidden={true}
    className="fa fa-spinner fa-3x fa-spin"
    style={
      Object {
        "color": "black",
      }
    }
  />
</div>
`;
